// Vitest Snapshot v1, https://vitest.dev/guide/snapshot.html

exports[`workflowDocumentJsonSchema > keeps the generated schema snapshot stable 1`] = `
{
  "$id": "https://schemas.shipfox.dev/workflow-document.schema.json",
  "$schema": "https://json-schema.org/draft/2020-12/schema",
  "additionalProperties": false,
  "description": "External Shipfox workflow document accepted by YAML authoring surfaces.",
  "properties": {
    "jobs": {
      "additionalProperties": {
        "additionalProperties": false,
        "properties": {
          "needs": {
            "anyOf": [
              {
                "minLength": 1,
                "type": "string",
              },
              {
                "items": {
                  "minLength": 1,
                  "type": "string",
                },
                "minItems": 1,
                "type": "array",
              },
            ],
          },
          "runner": {
            "anyOf": [
              {
                "minLength": 1,
                "type": "string",
              },
              {
                "items": {
                  "minLength": 1,
                  "type": "string",
                },
                "minItems": 1,
                "type": "array",
              },
            ],
          },
          "steps": {
            "items": {
              "additionalProperties": false,
              "properties": {
                "name": {
                  "minLength": 1,
                  "type": "string",
                },
                "run": {
                  "minLength": 1,
                  "type": "string",
                },
              },
              "required": [
                "run",
              ],
              "type": "object",
            },
            "minItems": 1,
            "type": "array",
          },
        },
        "required": [
          "steps",
        ],
        "type": "object",
      },
      "minProperties": 1,
      "propertyNames": {
        "minLength": 1,
        "type": "string",
      },
      "type": "object",
    },
    "name": {
      "minLength": 1,
      "type": "string",
    },
    "runner": {
      "anyOf": [
        {
          "minLength": 1,
          "type": "string",
        },
        {
          "items": {
            "minLength": 1,
            "type": "string",
          },
          "minItems": 1,
          "type": "array",
        },
      ],
    },
    "triggers": {
      "additionalProperties": {
        "anyOf": [
          {
            "additionalProperties": false,
            "properties": {
              "event": {
                "minLength": 1,
                "type": "string",
              },
              "filter": {
                "minLength": 1,
                "type": "string",
              },
              "on": {
                "not": {},
              },
              "source": {
                "minLength": 1,
                "type": "string",
              },
              "with": {
                "additionalProperties": {},
                "propertyNames": {
                  "type": "string",
                },
                "type": "object",
              },
            },
            "required": [
              "source",
              "event",
            ],
            "type": "object",
          },
          {
            "additionalProperties": false,
            "properties": {
              "event": {
                "not": {},
              },
              "filter": {
                "minLength": 1,
                "type": "string",
              },
              "on": {
                "anyOf": [
                  {
                    "minLength": 1,
                    "type": "string",
                  },
                  {
                    "items": {
                      "minLength": 1,
                      "type": "string",
                    },
                    "minItems": 1,
                    "type": "array",
                  },
                ],
              },
              "source": {
                "minLength": 1,
                "type": "string",
              },
              "with": {
                "additionalProperties": {},
                "propertyNames": {
                  "type": "string",
                },
                "type": "object",
              },
            },
            "required": [
              "source",
              "on",
            ],
            "type": "object",
          },
        ],
      },
      "minProperties": 1,
      "propertyNames": {
        "minLength": 1,
        "type": "string",
      },
      "type": "object",
    },
  },
  "required": [
    "name",
    "jobs",
  ],
  "title": "Shipfox Workflow Document",
  "type": "object",
}
`;
